
================================================================
Calculating eigen spectrum for m = 3, Le = 1.00e-04


----------------------------------------------------------------
Resolution (L, N)=(33, 33)

Build operator elapsed 3.62 s.
DP system: 1950x1950
Solve DP eigensystem elapsed 66.58 s.
QP system: 1950x1950
Solve QP eigensystem elapsed 66.63 s.

----------------------------------------------------------------
Resolution (L, N)=(43, 43)

Build operator elapsed 6.21 s.
DP system: 3400x3400
Solve DP eigensystem elapsed 363.43 s.
QP system: 3400x3400
Solve QP eigensystem elapsed 363.42 s.

----------------------------------------------------------------
Resolution (L, N)=(63, 63)

Build operator elapsed 21.68 s.
DP system: 7500x7500
Solve DP eigensystem elapsed 3991.31 s.
QP system: 7500x7500
Solve QP eigensystem elapsed 3969.98 s.

Eigenvalue spectra saved to /cluster/home/jinmin/MCmodes/runs/Mpi_ideal_Le1e-4_m3_30-40_parity-same/eigenspectra.h5
================================================================

